// Jest Snapshot v1, https://goo.gl/fbAQLP

exports[`Global style component renders correctly 1`] = `<div />`;
