// Jest Snapshot v1, https://goo.gl/fbAQLP

exports[`Icon component renders correctly 1`] = `
<div>
  <span
    class="Icon__Span-sc-1brds2j-0 gHKTxp material-icons md-24"
    size="24"
  >
    tune
  </span>
</div>
`;
