// Jest Snapshot v1, https://goo.gl/fbAQLP

exports[`Theme component renders correctly 1`] = `
<div>
  Content
</div>
`;
